Loading data and engineering features...
  Full feature set: 297 features

--- Baseline (all features) ---
  [baseline]  features=297  OOF macro F1=0.9724

--- Strategy 1: drop zero-importance features ---
  Dropping 3 zero-importance features
  [no-zero-imp]  features=294  OOF macro F1=0.9720

--- Strategy 2: keep features covering 95% of cumulative importance ---
  Keeping 195 features (dropping 102)
  [top-95pct-imp]  features=195  OOF macro F1=0.9724

--- Strategy 3: drop features with |r| > 0.95 to any higher-importance feature ---
  Keeping 278 features (dropping 19)
  [dedup-corr95]  features=278  OOF macro F1=0.9726

============================================================
  FEATURE SELECTION SUMMARY  (LightGBM 5-fold CV)
============================================================
  Baseline                      297 feats  F1=0.9724           
  Drop zero-importance          294 feats  F1=0.9720  (-0.0005)
  Top 95% cum-importance        195 feats  F1=0.9724  (-0.0001)
  Dedup corr > 0.95             278 feats  F1=0.9726  (+0.0002)
============================================================

Top 20 features by avg LightGBM importance:
  spo2                                          1,913
  temperature_c                                 1,653
  spo2_rr_ratio                                 1,564
  news2_score                                   1,562
  pain_news2                                    1,538
  num_prior_ed_visits_12m                       1,188
  heart_rate                                    1,071
  respiratory_rate                              1,065
  mean_arterial_pressure                        1,026
  diastolic_bp                                  932
  pain_score                                    877
  map_hr_product                                800
  shock_index                                   786
  height_cm                                     742
  age_news2                                     721
  systolic_bp                                   680
  age_pain                                      671
  bmi                                           664
  gcs_total                                     661
  weight_kg                                     652

Zero-importance features (3):
  is_hypertensive_crisis
  is_bradypnea
  is_hypothermia
EXIT=0
